Archive member included to satisfy reference by file (symbol)

c:/program files (x86)/atmel/studio/7.0/toolchain/avr8/avr8-gnu-toolchain/bin/../lib/gcc/avr/5.4.0/../../../../avr/lib/avr6\libm.a(cmpsf2.o)
                              Trigger.o (__ltsf2)
c:/program files (x86)/atmel/studio/7.0/toolchain/avr8/avr8-gnu-toolchain/bin/../lib/gcc/avr/5.4.0/../../../../avr/lib/avr6\libm.a(fixsfsi.o)
                              Record.o (__fixsfsi)
c:/program files (x86)/atmel/studio/7.0/toolchain/avr8/avr8-gnu-toolchain/bin/../lib/gcc/avr/5.4.0/../../../../avr/lib/avr6\libm.a(fixunssfsi.o)
                              c:/program files (x86)/atmel/studio/7.0/toolchain/avr8/avr8-gnu-toolchain/bin/../lib/gcc/avr/5.4.0/../../../../avr/lib/avr6\libm.a(fixsfsi.o) (__fixunssfsi)
c:/program files (x86)/atmel/studio/7.0/toolchain/avr8/avr8-gnu-toolchain/bin/../lib/gcc/avr/5.4.0/../../../../avr/lib/avr6\libm.a(floatsisf.o)
                              Record.o (__floatsisf)
c:/program files (x86)/atmel/studio/7.0/toolchain/avr8/avr8-gnu-toolchain/bin/../lib/gcc/avr/5.4.0/../../../../avr/lib/avr6\libm.a(fp_cmp.o)
                              c:/program files (x86)/atmel/studio/7.0/toolchain/avr8/avr8-gnu-toolchain/bin/../lib/gcc/avr/5.4.0/../../../../avr/lib/avr6\libm.a(cmpsf2.o) (__fp_cmp)
c:/program files (x86)/atmel/studio/7.0/toolchain/avr8/avr8-gnu-toolchain/bin/../lib/gcc/avr/5.4.0/../../../../avr/lib/avr6\libm.a(fp_split3.o)
                              c:/program files (x86)/atmel/studio/7.0/toolchain/avr8/avr8-gnu-toolchain/bin/../lib/gcc/avr/5.4.0/../../../../avr/lib/avr6\libm.a(fixunssfsi.o) (__fp_splitA)
c:/program files (x86)/atmel/studio/7.0/toolchain/avr8/avr8-gnu-toolchain/bin/../lib/gcc/avr/5.4.0/../../../../avr/lib/avr6\libm.a(fp_zero.o)
                              c:/program files (x86)/atmel/studio/7.0/toolchain/avr8/avr8-gnu-toolchain/bin/../lib/gcc/avr/5.4.0/../../../../avr/lib/avr6\libm.a(fixunssfsi.o) (__fp_zero)
c:/program files (x86)/atmel/studio/7.0/toolchain/avr8/avr8-gnu-toolchain/bin/../lib/gcc/avr/5.4.0/../../../../avr/lib/avr6\libm.a(mulsf3.o)
                              Record.o (__mulsf3)
c:/program files (x86)/atmel/studio/7.0/toolchain/avr8/avr8-gnu-toolchain/bin/../lib/gcc/avr/5.4.0/../../../../avr/lib/avr6\libm.a(mulsf3x.o)
                              c:/program files (x86)/atmel/studio/7.0/toolchain/avr8/avr8-gnu-toolchain/bin/../lib/gcc/avr/5.4.0/../../../../avr/lib/avr6\libm.a(mulsf3.o) (__mulsf3x)
c:/program files (x86)/atmel/studio/7.0/toolchain/avr8/avr8-gnu-toolchain/bin/../lib/gcc/avr/5.4.0/../../../../avr/lib/avr6\libm.a(fp_inf.o)
                              c:/program files (x86)/atmel/studio/7.0/toolchain/avr8/avr8-gnu-toolchain/bin/../lib/gcc/avr/5.4.0/../../../../avr/lib/avr6\libm.a(mulsf3x.o) (__fp_inf)
c:/program files (x86)/atmel/studio/7.0/toolchain/avr8/avr8-gnu-toolchain/bin/../lib/gcc/avr/5.4.0/../../../../avr/lib/avr6\libm.a(fp_nan.o)
                              c:/program files (x86)/atmel/studio/7.0/toolchain/avr8/avr8-gnu-toolchain/bin/../lib/gcc/avr/5.4.0/../../../../avr/lib/avr6\libm.a(mulsf3x.o) (__fp_nan)
c:/program files (x86)/atmel/studio/7.0/toolchain/avr8/avr8-gnu-toolchain/bin/../lib/gcc/avr/5.4.0/../../../../avr/lib/avr6\libm.a(fp_pscA.o)
                              c:/program files (x86)/atmel/studio/7.0/toolchain/avr8/avr8-gnu-toolchain/bin/../lib/gcc/avr/5.4.0/../../../../avr/lib/avr6\libm.a(mulsf3x.o) (__fp_pscA)
c:/program files (x86)/atmel/studio/7.0/toolchain/avr8/avr8-gnu-toolchain/bin/../lib/gcc/avr/5.4.0/../../../../avr/lib/avr6\libm.a(fp_pscB.o)
                              c:/program files (x86)/atmel/studio/7.0/toolchain/avr8/avr8-gnu-toolchain/bin/../lib/gcc/avr/5.4.0/../../../../avr/lib/avr6\libm.a(mulsf3x.o) (__fp_pscB)
c:/program files (x86)/atmel/studio/7.0/toolchain/avr8/avr8-gnu-toolchain/bin/../lib/gcc/avr/5.4.0/../../../../avr/lib/avr6\libm.a(fp_round.o)
                              c:/program files (x86)/atmel/studio/7.0/toolchain/avr8/avr8-gnu-toolchain/bin/../lib/gcc/avr/5.4.0/../../../../avr/lib/avr6\libm.a(mulsf3.o) (__fp_round)
C:\Users\Charlie\Documents\GitHub\BeatBox\ArduinoCore\Debug\libArduinoCore.a(HardwareSerial.o)
                              Debug.o (_ZN14HardwareSerial9availableEv)
C:\Users\Charlie\Documents\GitHub\BeatBox\ArduinoCore\Debug\libArduinoCore.a(HardwareSerial0.o)
                              BeatBox.o (Serial)
C:\Users\Charlie\Documents\GitHub\BeatBox\ArduinoCore\Debug\libArduinoCore.a(main.o)
                              C:/Program Files (x86)/Atmel/Studio/7.0/Packs/atmel/ATmega_DFP/1.1.130/gcc/dev/atmega2560/avr6/crtatmega2560.o (main)
C:\Users\Charlie\Documents\GitHub\BeatBox\ArduinoCore\Debug\libArduinoCore.a(Print.o)
                              C:\Users\Charlie\Documents\GitHub\BeatBox\ArduinoCore\Debug\libArduinoCore.a(HardwareSerial.o) (_ZN5Print5writeEPKhj)
C:\Users\Charlie\Documents\GitHub\BeatBox\ArduinoCore\Debug\libArduinoCore.a(wiring.o)
[...]
Memory Configuration

Name             Origin             Length             Attributes
text             0x00000000         0x00100000         xr
data             0x00800200         0x0000fe00         rw !x
eeprom           0x00810000         0x00010000         rw !x
fuse             0x00820000         0x00000003         rw !x
lock             0x00830000         0x00000400         rw !x
signature        0x00840000         0x00000400         rw !x
user_signatures  0x00850000         0x00000400         rw !x
*default*        0x00000000         0xffffffff

Linker script and memory map

Address of section .data set to 0x800200
LOAD C:/Program Files (x86)/Atmel/Studio/7.0/Packs/atmel/ATmega_DFP/1.1.130/gcc/dev/atmega2560/avr6/crtatmega2560.o
LOAD BeatBox.o
LOAD Debug.o
LOAD Lights.o
LOAD Log.o
LOAD Mean.o
LOAD Midi.o
LOAD Play.o
LOAD Record.o
LOAD Taps.o
LOAD Trigger.o
START GROUP
LOAD c:/program files (x86)/atmel/studio/7.0/toolchain/avr8/avr8-gnu-toolchain/bin/../lib/gcc/avr/5.4.0/../../../../avr/lib/avr6\libm.a
LOAD C:\Users\Charlie\Documents\GitHub\BeatBox\ArduinoCore\Debug\libArduinoCore.a
END GROUP
LOAD c:/program files (x86)/atmel/studio/7.0/toolchain/avr8/avr8-gnu-toolchain/bin/../lib/gcc/avr/5.4.0/avr6\libgcc.a
LOAD c:/program files (x86)/atmel/studio/7.0/toolchain/avr8/avr8-gnu-toolchain/bin/../lib/gcc/avr/5.4.0/../../../../avr/lib/avr6\libm.a
START GROUP
LOAD c:/program files (x86)/atmel/studio/7.0/toolchain/avr8/avr8-gnu-toolchain/bin/../lib/gcc/avr/5.4.0/avr6\libgcc.a
LOAD c:/program files (x86)/atmel/studio/7.0/toolchain/avr8/avr8-gnu-toolchain/bin/../lib/gcc/avr/5.4.0/../../../../avr/lib/avr6\libm.a
LOAD c:/program files (x86)/atmel/studio/7.0/toolchain/avr8/avr8-gnu-toolchain/bin/../lib/gcc/avr/5.4.0/../../../../avr/lib/avr6\libc.a
LOAD C:/Program Files (x86)/Atmel/Studio/7.0/Packs/atmel/ATmega_DFP/1.1.130/gcc/dev/atmega2560/avr6\libatmega2560.a
END GROUP
                0x00100000                __TEXT_REGION_LENGTH__ = DEFINED (__TEXT_REGION_LENGTH__)?__TEXT_REGION_LENGTH__:0x100000
                0x0000fe00                __DATA_REGION_LENGTH__ = DEFINED (__DATA_REGION_LENGTH__)?__DATA_REGION_LENGTH__:0xfe00
                0x00010000                __EEPROM_REGION_LENGTH__ = DEFINED (__EEPROM_REGION_LENGTH__)?__EEPROM_REGION_LENGTH__:0x10000
                [0x00000003]                __FUSE_REGION_LENGTH__ = DEFINED (__FUSE_REGION_LENGTH__)?__FUSE_REGION_LENGTH__:0x400
                0x00000400                __LOCK_REGION_LENGTH__ = DEFINED (__LOCK_REGION_LENGTH__)?__LOCK_REGION_LENGTH__:0x400
                0x00000400                __SIGNATURE_REGION_LENGTH__ = DEFINED (__SIGNATURE_REGION_LENGTH__)?__SIGNATURE_REGION_LENGTH__:0x400
                0x00000400                __USER_SIGNATURE_REGION_LENGTH__ = DEFINED (__USER_SIGNATURE_REGION_LENGTH__)?__USER_SIGNATURE_REGION_LENGTH__:0x400

.hash
 *(.hash)

.dynsym
 *(.dynsym)

.dynstr
 *(.dynstr)

.gnu.version
 *(.gnu.version)

.gnu.version_d
 *(.gnu.version_d)

.gnu.version_r
 *(.gnu.version_r)

.rel.init
 *(.rel.init)

.rela.init
 *(.rela.init)

.rel.text
 *(.rel.text)
 *(.rel.text.*)
 *(.rel.gnu.linkonce.t*)

.rela.text
 *(.rela.text)
 *(.rela.text.*)
 *(.rela.gnu.linkonce.t*)

.rel.fini
 *(.rel.fini)

.rela.fini
 *(.rela.fini)

.rel.rodata
 *(.rel.rodata)
 *(.rel.rodata.*)
 *(.rel.gnu.linkonce.r*)

.rela.rodata
 *(.rela.rodata)
 *(.rela.rodata.*)
 *(.rela.gnu.linkonce.r*)

.rel.data
 *(.rel.data)
 *(.rel.data.*)
 *(.rel.gnu.linkonce.d*)

.rela.data
 *(.rela.data)
 *(.rela.data.*)
 *(.rela.gnu.linkonce.d*)

.rel.ctors
 *(.rel.ctors)

.rela.ctors
 *(.rela.ctors)

.rel.dtors
 *(.rel.dtors)

.rela.dtors
 *(.rela.dtors)

.rel.got
 *(.rel.got)

.rela.got
 *(.rela.got)

.rel.bss
 *(.rel.bss)

.rela.bss
 *(.rela.bss)

.rel.plt
 *(.rel.plt)

.rela.plt
 *(.rela.plt)

.text           0x00000000     0x3938
 *(.vectors)
 .vectors       0x00000000       0xe4 C:/Program Files (x86)/Atmel/Studio/7.0/Packs/atmel/ATmega_DFP/1.1.130/gcc/dev/atmega2560/avr6/crtatmega2560.o
                0x00000000                __vector_default
                0x00000000                __vectors
 *(.vectors)
 *(.progmem.gcc*)
 .progmem.gcc_sw_table._Z11debugUpdatev
                0x000000e4       0x8a Debug.o
 .progmem.gcc_sw_table.turnOffPWM
                0x0000016e       0x24 C:\Users\Charlie\Documents\GitHub\BeatBox\ArduinoCore\Debug\libArduinoCore.a(wiring_digital.o)
                0x00000192                . = ALIGN (0x2)
                0x00000192                __trampolines_start = .
 *(.trampolines)
 .trampolines   0x00000192        0x0 linker stubs
 *(.trampolines*)
                0x00000192                __trampolines_end = .
 *libprintf_flt.a:*(.progmem.data)
 *libc.a:*(.progmem.data)
 *(.progmem*)
 .progmem.data._ZZ11debugUpdatevE3__c_3
                0x00000192       0x54 Debug.o
 .progmem.data._ZZ11debugUpdatevE3__c_2
                0x000001e6       0x33 Debug.o
 .progmem.data._ZZ11debugUpdatevE3__c_1
                0x00000219       0x2d Debug.o
 .progmem.data._ZZ11debugUpdatevE3__c_0
                0x00000246       0x3c Debug.o
 .progmem.data._ZZ11debugUpdatevE3__c
                0x00000282       0x46 Debug.o
 .progmem.data._ZZ9printTapsvE3__c_0
                0x000002c8        0x6 Debug.o
 .progmem.data._ZZ9printTapsvE3__c
                0x000002ce        0xe Debug.o
 .progmem.data._ZZ11printTimingvE3__c_3
                0x000002dc        0x4 Debug.o
 .progmem.data._ZZ11printTimingvE3__c_2
                0x000002e0        0xf Debug.o
 .progmem.data._ZZ11printTimingvE3__c_1
                0x000002ef        0x4 Debug.o
 .progmem.data._ZZ11printTimingvE3__c_0
                0x000002f3        0xa Debug.o
 .progmem.data._ZZ11printTimingvE3__c
                0x000002fd        0xe Debug.o
 .progmem.data._ZZ10printStatevE3__c_13
                0x0000030b        0x4 Debug.o
 .progmem.data._ZZ10printStatevE3__c_12
                0x0000030f        0x3 Debug.o
 .progmem.data._ZZ10printStatevE3__c_11
                0x00000312       0x14 Debug.o
 .progmem.data._ZZ10printStatevE3__c_10
                0x00000326        0x4 Debug.o
 .progmem.data._ZZ10printStatevE3__c_9
                0x0000032a        0x3 Debug.o
 .progmem.data._ZZ10printStatevE3__c_8
                0x0000032d       0x12 Debug.o
 .progmem.data._ZZ10printStatevE3__c_7
                0x0000033f        0x4 Debug.o
 .progmem.data._ZZ10printStatevE3__c_6
                0x00000343        0x3 Debug.o
 .progmem.data._ZZ10printStatevE3__c_5
                0x00000346       0x12 Debug.o
 .progmem.data._ZZ10printStatevE3__c_4
                0x00000358        0x4 Debug.o
 .progmem.data._ZZ10printStatevE3__c_3
                0x0000035c        0x3 Debug.o
 .progmem.data._ZZ10printStatevE3__c_2
                0x0000035f       0x12 Debug.o
 .progmem.data._ZZ10printStatevE3__c_1
                0x00000371        0x4 Debug.o
 .progmem.data._ZZ10printStatevE3__c_0
                0x00000375        0x3 Debug.o
 .progmem.data._ZZ10printStatevE3__c
                0x00000378       0x16 Debug.o
 .progmem.data._ZZ11printMillisvE3__c
                0x0000038e       0x10 Debug.o
 .progmem.data._ZZ16_printLoggedAccsvE3__c_4
                0x0000039e       0x18 Log.o
 .progmem.data._ZZ16_printLoggedAccsvE3__c_3
                0x000003b6       0x16 Log.o
 .progmem.data._ZZ16_printLoggedAccsvE3__c_2
                0x000003cc       0x16 Log.o
 .progmem.data._ZZ16_printLoggedAccsvE3__c_1
                0x000003e2       0x12 Log.o
 .progmem.data._ZZ16_printLoggedAccsvE3__c_0
                0x000003f4        0xe Log.o
 .progmem.data._ZZ16_printLoggedAccsvE3__c
                0x00000402       0x12 Log.o
 .progmem.data.digital_pin_to_timer_PGM
                0x00000414       0x46 C:\Users\Charlie\Documents\GitHub\BeatBox\ArduinoCore\Debug\libArduinoCore.a(wiring_digital.o)
                0x00000414                digital_pin_to_timer_PGM
 .progmem.data.digital_pin_to_bit_mask_PGM
                0x0000045a       0x46 C:\Users\Charlie\Documents\GitHub\BeatBox\ArduinoCore\Debug\libArduinoCore.a(wiring_digital.o)
                0x0000045a                digital_pin_to_bit_mask_PGM
 .progmem.data.digital_pin_to_port_PGM
                0x000004a0       0x46 C:\Users\Charlie\Documents\GitHub\BeatBox\ArduinoCore\Debug\libArduinoCore.a(wiring_digital.o)
                0x000004a0                digital_pin_to_port_PGM
 .progmem.data.port_to_output_PGM
                0x000004e6       0x1a C:\Users\Charlie\Documents\GitHub\BeatBox\ArduinoCore\Debug\libArduinoCore.a(wiring_digital.o)
                0x000004e6                port_to_output_PGM
 .progmem.data.port_to_mode_PGM
                0x00000500       0x1a C:\Users\Charlie\Documents\GitHub\BeatBox\ArduinoCore\Debug\libArduinoCore.a(wiring_digital.o)
                0x00000500                port_to_mode_PGM
                0x0000051a                . = ALIGN (0x2)
 *(.jumptables)
 *(.jumptables*)
 *(.lowtext)
 *(.lowtext*)
                0x0000051a                __ctors_start = .
 *(.ctors)
 .ctors         0x0000051a        0x2 BeatBox.o
 .ctors         0x0000051c        0x2 C:\Users\Charlie\Documents\GitHub\BeatBox\ArduinoCore\Debug\libArduinoCore.a(HardwareSerial0.o)
 .ctors         0x0000051e        0x2 C:\Users\Charlie\Documents\GitHub\BeatBox\ArduinoCore\Debug\libArduinoCore.a(Wire.o)
                0x00000520                __ctors_end = .
                0x00000520                __dtors_start = .
 *(.dtors)
                0x00000520                __dtors_end = .
 SORT(*)(.ctors)
 SORT(*)(.dtors)
 *(.init0)
 .init0         0x00000520        0x0 C:/Program Files (x86)/Atmel/Studio/7.0/Packs/atmel/ATmega_DFP/1.1.130/gcc/dev/atmega2560/avr6/crtatmega2560.o
                0x00000520                __init
 *(.init0)
 *(.init1)
 *(.init1)
 *(.init2)
 .init2         0x00000520       0x10 C:/Program Files (x86)/Atmel/Studio/7.0/Packs/atmel/ATmega_DFP/1.1.130/gcc/dev/atmega2560/avr6/crtatmega2560.o
 *(.init2)
 *(.init3)
 *(.init3)
 *(.init4)
 .init4         0x00000530       0x1a c:/program files (x86)/atmel/studio/7.0/toolchain/avr8/avr8-gnu-toolchain/bin/../lib/gcc/avr/5.4.0/avr6\libgcc.a(_copy_data.o)
                0x00000530                __do_copy_data
 .init4         0x0000054a       0x10 c:/program files (x86)/atmel/studio/7.0/toolchain/avr8/avr8-gnu-toolchain/bin/../lib/gcc/avr/5.4.0/avr6\libgcc.a(_clear_bss.o)
                0x0000054a                __do_clear_bss
 *(.init4)
 *(.init5)
 *(.init5)
 *(.init6)
 .init6         0x0000055a       0x20 c:/program files (x86)/atmel/studio/7.0/toolchain/avr8/avr8-gnu-toolchain/bin/../lib/gcc/avr/5.4.0/avr6\libgcc.a(_ctors.o)
                0x0000055a                __do_global_ctors
 *(.init6)
 *(.init7)
 *(.init7)
 *(.init8)
 *(.init8)
 *(.init9)
 .init9         0x0000057a        0x8 C:/Program Files (x86)/Atmel/Studio/7.0/Packs/atmel/ATmega_DFP/1.1.130/gcc/dev/atmega2560/avr6/crtatmega2560.o
 *(.init9)
 *(.text)
 .text          0x00000582        0x2 C:/Program Files (x86)/Atmel/Studio/7.0/Packs/atmel/ATmega_DFP/1.1.130/gcc/dev/atmega2560/avr6/crtatmega2560.o
                0x00000582                __vector_38
                0x00000582                __vector_22
                0x00000582                __vector_28
                0x00000582                __vector_1
                0x00000582                __vector_32
                0x00000582                __vector_34
                0x00000582                __vector_24
                0x00000582                __vector_12
                0x00000582                __vector_55
                0x00000582                __vector_46
                0x00000582                __bad_interrupt
                0x00000582                __vector_6
                0x00000582                __vector_31
                0x00000582                __vector_35
                0x00000582                __vector_3
                0x00000582                __vector_30
                0x00000582                __vector_45
                0x00000582                __vector_11
                0x00000582                __vector_54
                0x00000582                __vector_13
                0x00000582                __vector_17
                0x00000582                __vector_19
                0x00000582                __vector_56
                0x00000582                __vector_7
                0x00000582                __vector_49
                0x00000582                __vector_41
                0x00000582                __vector_43
                0x00000582                __vector_27
                0x00000582                __vector_5
                0x00000582                __vector_33
                0x00000582                __vector_47
                0x00000582                __vector_52
                0x00000582                __vector_37
                0x00000582                __vector_4
                0x00000582                __vector_44
                0x00000582                __vector_51
                0x00000582                __vector_9
                0x00000582                __vector_2
                0x00000582                __vector_21
                0x00000582                __vector_15
                0x00000582                __vector_36
                0x00000582                __vector_29
                0x00000582                __vector_40
                0x00000582                __vector_8
                0x00000582                __vector_48
                0x00000582                __vector_14
                0x00000582                __vector_53
                0x00000582                __vector_10
                0x00000582                __vector_50
                0x00000582                __vector_16
                0x00000582                __vector_18
                0x00000582                __vector_20
                0x00000582                __vector_42
                0x00000584                . = ALIGN (0x2)
 *(.text.*)
 .text._Z12MPU6050setupv
                0x00000584       0xac BeatBox.o
                0x00000584                _Z12MPU6050setupv
 .text.setup    0x00000630       0xac BeatBox.o
                0x00000630                setup
 .text.loop     0x000006dc      0x122 BeatBox.o
                0x000006dc                loop
 .text._GLOBAL__sub_I_accelgyro
                0x000007fe       0x1e BeatBox.o
 .text._Z10debugSetupv
                0x0000081c       0x10 Debug.o
                0x0000081c                _Z10debugSetupv
 .text._Z11printMillisv
                0x0000082c       0x4e Debug.o
                0x0000082c                _Z11printMillisv
 .text._Z10printStatev
                0x0000087a       0xc6 Debug.o
                0x0000087a                _Z10printStatev
 .text._Z11printTimingv
                0x00000940       0xac Debug.o
                0x00000940                _Z11printTimingv
 .text._Z9printTapsv
                0x000009ec       0x4c Debug.o
                0x000009ec                _Z9printTapsv
 .text._Z11debugUpdatev
                0x00000a38       0xee Debug.o
                0x00000a38                _Z11debugUpdatev
 .text._Z11lightsSetupv
                0x00000b26       0x46 Lights.o
                0x00000b26                _Z11lightsSetupv
 .text._Z11lightsPulseii
                0x00000b6c       0x64 Lights.o
                0x00000b6c                _Z11lightsPulseii
 .text._Z11lightsFlashi
                0x00000bd0       0x70 Lights.o
                0x00000bd0                _Z11lightsFlashi
 .text._Z18lightsTestSequencev
                0x00000c40       0x52 Lights.o
                0x00000c40                _Z18lightsTestSequencev
 .text._Z9_logSetupv
                0x00000c92       0x68 Log.o
                0x00000c92                _Z9_logSetupv
 .text._Z16_printMeanAccelsv
                0x00000cfa       0x76 Log.o
                0x00000cfa                _Z16_printMeanAccelsv
 .text._Z16_printLoggedAccsv
                0x00000d70      0x236 Log.o
                0x00000d70                _Z16_printLoggedAccsv
 .text._Z14initMeanFilterP10MeanFilteri
                0x00000fa6        0xc Mean.o
                0x00000fa6                _Z14initMeanFilterP10MeanFilteri
 .text._Z12meanFilterIOP10MeanFilteri
                0x00000fb2       0x52 Mean.o
                0x00000fb2                _Z12meanFilterIOP10MeanFilteri
 .text._Z14sendMidiNoteOnii
                0x00001004       0xca Midi.o
                0x00001004                _Z14sendMidiNoteOnii
 .text._Z14startMidiSysExv
                0x000010ce       0x18 Midi.o
                0x000010ce                _Z14startMidiSysExv
 .text._Z12endMidiSysExv
                0x000010e6       0x18 Midi.o
                0x000010e6                _Z12endMidiSysExv
 .text._Z15setQuantizationh
                0x000010fe       0x3e Play.o
                0x000010fe                _Z15setQuantizationh
 .text._Z15getQuantizationv
                0x0000113c        0x6 Play.o
                0x0000113c                _Z15getQuantizationv
 .text._Z8getQTimev
                0x00001142        0xa Play.o
                0x00001142                _Z8getQTimev
 .text._Z12playbackTapsv
                0x0000114c      0x37a Play.o
                0x0000114c                _Z12playbackTapsv
 .text._Z11recordSetupv
                0x000014c6       0x48 Record.o
                0x000014c6                _Z11recordSetupv
 .text._Z10recordTapsv
                0x0000150e      0x324 Record.o
                0x0000150e                _Z10recordTapsv
 .text._Z13deleteCompassv
                0x00001832       0x3e Taps.o
                0x00001832                _Z13deleteCompassv
 .text._Z13deleteAllTapsv
                0x00001870       0x26 Taps.o
                0x00001870                _Z13deleteAllTapsv
 .text._Z13getBeatLengthv
                0x00001896        0xa Taps.o
                0x00001896                _Z13getBeatLengthv
 .text._Z10getCompassv
                0x000018a0        0xa Taps.o
                0x000018a0                _Z10getCompassv
 .text._Z13getTapCounterv
                0x000018aa        0xa Taps.o
                0x000018aa                _Z13getTapCounterv
 .text._Z12printTapInfoi
                0x000018b4       0x9c Taps.o
                0x000018b4                _Z12printTapInfoi
 .text._Z11initTriggerP7Trigger
                0x00001950       0x5c Trigger.o
                0x00001950                _Z11initTriggerP7Trigger
 .text._Z13updateTriggerP7Triggeri
                0x000019ac      0x2ac Trigger.o
                0x000019ac                _Z13updateTriggerP7Triggeri
 .text._Z14getRealTriggerP7TriggerS0_S0_PiS1_S1_S1_
                0x00001c58      0x246 Trigger.o
                0x00001c58                _Z14getRealTriggerP7TriggerS0_S0_PiS1_S1_S1_
 .text.avr-libc.fplib
                0x00001e9e        0x8 c:/program files (x86)/atmel/studio/7.0/toolchain/avr8/avr8-gnu-toolchain/bin/../lib/gcc/avr/5.4.0/../../../../avr/lib/avr6\libm.a(cmpsf2.o)
                0x00001e9e                __nesf2
                0x00001e9e                __eqsf2
                0x00001e9e                __cmpsf2
                0x00001e9e                __ltsf2
                0x00001e9e                __lesf2
 .text.avr-libc.fplib
                0x00001ea6        0xa c:/program files (x86)/atmel/studio/7.0/toolchain/avr8/avr8-gnu-toolchain/bin/../lib/gcc/avr/5.4.0/../../../../avr/lib/avr6\libm.a(fixsfsi.o)
                0x00001ea6                __fixsfsi
 .text.avr-libc.fplib
                0x00001eb0       0x58 c:/program files (x86)/atmel/studio/7.0/toolchain/avr8/avr8-gnu-toolchain/bin/../lib/gcc/avr/5.4.0/../../../../avr/lib/avr6\libm.a(fixunssfsi.o)
                0x00001eb0                __fixunssfsi
 .text.avr-libc.fplib
                0x00001f08       0x7a c:/program files (x86)/atmel/studio/7.0/toolchain/avr8/avr8-gnu-toolchain/bin/../lib/gcc/avr/5.4.0/../../../../avr/lib/avr6\libm.a(floatsisf.o)
                0x00001f08                __floatunsisf
                0x00001f0c                __floatsisf
 .text.avr-libc.fplib
                0x00001f82       0x48 c:/program files (x86)/atmel/studio/7.0/toolchain/avr8/avr8-gnu-toolchain/bin/../lib/gcc/avr/5.4.0/../../../../avr/lib/avr6\libm.a(fp_cmp.o)
                0x00001f82                __fp_cmp
 .text.avr-libc.fplib
                0x00001fca       0x44 c:/program files (x86)/atmel/studio/7.0/toolchain/avr8/avr8-gnu-toolchain/bin/../lib/gcc/avr/5.4.0/../../../../avr/lib/avr6\libm.a(fp_split3.o)
                0x00001fca                __fp_split3
                0x00001fda                __fp_splitA
 .text.avr-libc.fplib
                0x0000200e        0xe c:/program files (x86)/atmel/studio/7.0/toolchain/avr8/avr8-gnu-toolchain/bin/../lib/gcc/avr/5.4.0/../../../../avr/lib/avr6\libm.a(fp_zero.o)
                0x0000200e                __fp_zero
                0x00002010                __fp_szero
 .text.avr-libc.fplib
                0x0000201c        0x4 c:/program files (x86)/atmel/studio/7.0/toolchain/avr8/avr8-gnu-toolchain/bin/../lib/gcc/avr/5.4.0/../../../../avr/lib/avr6\libm.a(mulsf3.o)
                0x0000201c                __mulsf3
 .text.avr-libc.fplib
                0x00002020       0xc2 c:/program files (x86)/atmel/studio/7.0/toolchain/avr8/avr8-gnu-toolchain/bin/../lib/gcc/avr/5.4.0/../../../../avr/lib/avr6\libm.a(mulsf3x.o)
                0x00002034                __mulsf3x
                0x00002038                __mulsf3_pse
 .text.avr-libc.fplib
                0x000020e2        0xc c:/program files (x86)/atmel/studio/7.0/toolchain/avr8/avr8-gnu-toolchain/bin/../lib/gcc/avr/5.4.0/../../../../avr/lib/avr6\libm.a(fp_inf.o)
                0x000020e2                __fp_inf
 .text.avr-libc.fplib
                0x000020ee        0x6 c:/program files (x86)/atmel/studio/7.0/toolchain/avr8/avr8-gnu-toolchain/bin/../lib/gcc/avr/5.4.0/../../../../avr/lib/avr6\libm.a(fp_nan.o)
                0x000020ee                __fp_nan
 .text.avr-libc.fplib
                0x000020f4        0xe c:/program files (x86)/atmel/studio/7.0/toolchain/avr8/avr8-gnu-toolchain/bin/../lib/gcc/avr/5.4.0/../../../../avr/lib/avr6\libm.a(fp_pscA.o)
                0x000020f4                __fp_pscA
 .text.avr-libc.fplib
                0x00002102        0xe c:/program files (x86)/atmel/studio/7.0/toolchain/avr8/avr8-gnu-toolchain/bin/../lib/gcc/avr/5.4.0/../../../../avr/lib/avr6\libm.a(fp_pscB.o)
                0x00002102                __fp_pscB
 .text.avr-libc.fplib
                0x00002110       0x22 c:/program files (x86)/atmel/studio/7.0/toolchain/avr8/avr8-gnu-toolchain/bin/../lib/gcc/avr/5.4.0/../../../../avr/lib/avr6\libm.a(fp_round.o)
                0x00002110                __fp_round
 .text._ZN14HardwareSerial9availableEv
                0x00002132       0x18 C:\Users\Charlie\Documents\GitHub\BeatBox\ArduinoCore\Debug\libArduinoCore.a(HardwareSerial.o)
                0x00002132                _ZN14HardwareSerial9availableEv
 .text._ZN14HardwareSerial4peekEv
                0x0000214a       0x1c C:\Users\Charlie\Documents\GitHub\BeatBox\ArduinoCore\Debug\libArduinoCore.a(HardwareSerial.o)
                0x0000214a                _ZN14HardwareSerial4peekEv
 .text._ZN14HardwareSerial4readEv
                0x00002166       0x28 C:\Users\Charlie\Documents\GitHub\BeatBox\ArduinoCore\Debug\libArduinoCore.a(HardwareSerial.o)
                0x00002166                _ZN14HardwareSerial4readEv
 .text._Z14serialEventRunv
                0x0000218e       0x78 C:\Users\Charlie\Documents\GitHub\BeatBox\ArduinoCore\Debug\libArduinoCore.a(HardwareSerial.o)
                0x0000218e                _Z14serialEventRunv
 .text._ZN14HardwareSerial17_tx_udr_empty_irqEv
                0x00002206       0x42 C:\Users\Charlie\Documents\GitHub\BeatBox\ArduinoCore\Debug\libArduinoCore.a(HardwareSerial.o)
                0x00002206                _ZN14HardwareSerial17_tx_udr_empty_irqEv
 .text._ZN14HardwareSerial5writeEh
                0x00002248       0x8e C:\Users\Charlie\Documents\GitHub\BeatBox\ArduinoCore\Debug\libArduinoCore.a(HardwareSerial.o)
                0x00002248                _ZN14HardwareSerial5writeEh
 .text._ZN14HardwareSerial5flushEv
                0x000022d6       0x42 C:\Users\Charlie\Documents\GitHub\BeatBox\ArduinoCore\Debug\libArduinoCore.a(HardwareSerial.o)
                0x000022d6                _ZN14HardwareSerial5flushEv
 .text._ZN14HardwareSerial5beginEmh
                0x00002318       0xca C:\Users\Charlie\Documents\GitHub\BeatBox\ArduinoCore\Debug\libArduinoCore.a(HardwareSerial.o)
                0x00002318                _ZN14HardwareSerial5beginEmh
 .text.__vector_25
                0x000023e2       0x6c C:\Users\Charlie\Documents\GitHub\BeatBox\ArduinoCore\Debug\libArduinoCore.a(HardwareSerial0.o)
                0x000023e2                __vector_25
 .text.__vector_26
                0x0000244e       0x52 C:\Users\Charlie\Documents\GitHub\BeatBox\ArduinoCore\Debug\libArduinoCore.a(HardwareSerial0.o)
                0x0000244e                __vector_26
 .text._Z17Serial0_availablev
                0x000024a0       0x12 C:\Users\Charlie\Documents\GitHub\BeatBox\ArduinoCore\Debug\libArduinoCore.a(HardwareSerial0.o)
                0x000024a0                _Z17Serial0_availablev
 .text.startup._GLOBAL__sub_I___vector_25
                0x000024b2       0x5a C:\Users\Charlie\Documents\GitHub\BeatBox\ArduinoCore\Debug\libArduinoCore.a(HardwareSerial0.o)
 .text.initVariant
                0x0000250c        0x2 C:\Users\Charlie\Documents\GitHub\BeatBox\ArduinoCore\Debug\libArduinoCore.a(main.o)
                0x0000250c                initVariant
 .text.startup.main
                0x0000250e       0x18 C:\Users\Charlie\Documents\GitHub\BeatBox\ArduinoCore\Debug\libArduinoCore.a(main.o)
                0x0000250e                main
 .text._ZN5Print5writeEPKhj
                0x00002526       0x50 C:\Users\Charlie\Documents\GitHub\BeatBox\ArduinoCore\Debug\libArduinoCore.a(Print.o)
                0x00002526                _ZN5Print5writeEPKhj
 .text._ZN5Print5writeEPKc
                0x00002576       0x2a C:\Users\Charlie\Documents\GitHub\BeatBox\ArduinoCore\Debug\libArduinoCore.a(Print.o)
                0x00002576                _ZN5Print5writeEPKc
 .text._ZN5Print5printEPK19__FlashStringHelper
                0x000025a0       0x46 C:\Users\Charlie\Documents\GitHub\BeatBox\ArduinoCore\Debug\libArduinoCore.a(Print.o)
                0x000025a0                _ZN5Print5printEPK19__FlashStringHelper
 .text._ZN5Print5printEc
                0x000025e6        0xe C:\Users\Charlie\Documents\GitHub\BeatBox\ArduinoCore\Debug\libArduinoCore.a(Print.o)
                0x000025e6                _ZN5Print5printEc
 .text._ZN5Print7printlnEv
                0x000025f4       0x24 C:\Users\Charlie\Documents\GitHub\BeatBox\ArduinoCore\Debug\libArduinoCore.a(Print.o)
                0x000025f4                _ZN5Print7printlnEv
 .text._ZN5Print7printlnEPK19__FlashStringHelper
                0x00002618       0x20 C:\Users\Charlie\Documents\GitHub\BeatBox\ArduinoCore\Debug\libArduinoCore.a(Print.o)
                0x00002618                _ZN5Print7printlnEPK19__FlashStringHelper
 .text._ZN5Print7printlnEPKc
                0x00002638       0x20 C:\Users\Charlie\Documents\GitHub\BeatBox\ArduinoCore\Debug\libArduinoCore.a(Print.o)
                0x00002638                _ZN5Print7printlnEPKc
 .text._ZN5Print11printNumberEmh
                0x00002658       0xaa C:\Users\Charlie\Documents\GitHub\BeatBox\ArduinoCore\Debug\libArduinoCore.a(Print.o)
                0x00002658                _ZN5Print11printNumberEmh
 .text._ZN5Print5printEmi
                0x00002702       0x18 C:\Users\Charlie\Documents\GitHub\BeatBox\ArduinoCore\Debug\libArduinoCore.a(Print.o)
                0x00002702                _ZN5Print5printEmi
 .text._ZN5Print5printEhi
                0x0000271a        0xc C:\Users\Charlie\Documents\GitHub\BeatBox\ArduinoCore\Debug\libArduinoCore.a(Print.o)
                0x0000271a                _ZN5Print5printEhi
 .text._ZN5Print7printlnEmi
                0x00002726       0x20 C:\Users\Charlie\Documents\GitHub\BeatBox\ArduinoCore\Debug\libArduinoCore.a(Print.o)
                0x00002726                _ZN5Print7printlnEmi
 .text._ZN5Print5printEli
                0x00002746       0x8a C:\Users\Charlie\Documents\GitHub\BeatBox\ArduinoCore\Debug\libArduinoCore.a(Print.o)
                0x00002746                _ZN5Print5printEli
 .text._ZN5Print5printEii
                0x000027d0        0xc C:\Users\Charlie\Documents\GitHub\BeatBox\ArduinoCore\Debug\libArduinoCore.a(Print.o)
                0x000027d0                _ZN5Print5printEii
 .text._ZN5Print7printlnEii
                0x000027dc       0x20 C:\Users\Charlie\Documents\GitHub\BeatBox\ArduinoCore\Debug\libArduinoCore.a(Print.o)
                0x000027dc                _ZN5Print7printlnEii
 .text.__vector_23
                0x000027fc      0x16a C:\Users\Charlie\Documents\GitHub\BeatBox\ArduinoCore\Debug\libArduinoCore.a(wiring.o)
                0x000027fc                __vector_23
 .text.millis   0x00002966       0x18 C:\Users\Charlie\Documents\GitHub\BeatBox\ArduinoCore\Debug\libArduinoCore.a(wiring.o)
                0x00002966                millis
 .text.micros   0x0000297e       0x4a C:\Users\Charlie\Documents\GitHub\BeatBox\ArduinoCore\Debug\libArduinoCore.a(wiring.o)
                0x0000297e                micros
 .text.delay    0x000029c8       0x4a C:\Users\Charlie\Documents\GitHub\BeatBox\ArduinoCore\Debug\libArduinoCore.a(wiring.o)
                0x000029c8                delay
 .text.init     0x00002a12       0xc4 C:\Users\Charlie\Documents\GitHub\BeatBox\ArduinoCore\Debug\libArduinoCore.a(wiring.o)
                0x00002a12                init
 .text.turnOffPWM
                0x00002ad6       0xaa C:\Users\Charlie\Documents\GitHub\BeatBox\ArduinoCore\Debug\libArduinoCore.a(wiring_digital.o)
 .text.pinMode  0x00002b80       0x78 C:\Users\Charlie\Documents\GitHub\BeatBox\ArduinoCore\Debug\libArduinoCore.a(wiring_digital.o)
                0x00002b80                pinMode
 .text.digitalWrite
                0x00002bf8       0x5c C:\Users\Charlie\Documents\GitHub\BeatBox\ArduinoCore\Debug\libArduinoCore.a(wiring_digital.o)
                0x00002bf8                digitalWrite
 .text._Z3maplllll
                0x00002c54       0x7e C:\Users\Charlie\Documents\GitHub\BeatBox\ArduinoCore\Debug\libArduinoCore.a(WMath.o)
                0x00002c54                _Z3maplllll
 .text._ZN7MPU6050C2Ev
                0x00002cd2        0x8 C:\Users\Charlie\Documents\GitHub\BeatBox\ArduinoCore\Debug\libArduinoCore.a(MPU6050.o)
                0x00002cd2                _ZN7MPU6050C2Ev
                0x00002cd2                _ZN7MPU6050C1Ev
 .text._ZN7MPU605021setFullScaleGyroRangeEh
                0x00002cda       0x14 C:\Users\Charlie\Documents\GitHub\BeatBox\ArduinoCore\Debug\libArduinoCore.a(MPU6050.o)
                0x00002cda                _ZN7MPU605021setFullScaleGyroRangeEh
 .text._ZN7MPU605022setFullScaleAccelRangeEh
                0x00002cee       0x14 C:\Users\Charlie\Documents\GitHub\BeatBox\ArduinoCore\Debug\libArduinoCore.a(MPU6050.o)
                0x00002cee                _ZN7MPU605022setFullScaleAccelRangeEh
 .text._ZN7MPU605010getMotion6EPiS0_S0_S0_S0_S0_
                0x00002d02       0xc2 C:\Users\Charlie\Documents\GitHub\BeatBox\ArduinoCore\Debug\libArduinoCore.a(MPU6050.o)
                0x00002d02                _ZN7MPU605010getMotion6EPiS0_S0_S0_S0_S0_
 .text._ZN7MPU605015setSleepEnabledEb
                0x00002dc4        0xc C:\Users\Charlie\Documents\GitHub\BeatBox\ArduinoCore\Debug\libArduinoCore.a(MPU6050.o)
                0x00002dc4                _ZN7MPU605015setSleepEnabledEb
 .text._ZN7MPU605014setClockSourceEh
                0x00002dd0       0x14 C:\Users\Charlie\Documents\GitHub\BeatBox\ArduinoCore\Debug\libArduinoCore.a(MPU6050.o)
                0x00002dd0                _ZN7MPU605014setClockSourceEh
 .text._ZN7MPU605010initializeEv
                0x00002de4       0x20 C:\Users\Charlie\Documents\GitHub\BeatBox\ArduinoCore\Debug\libArduinoCore.a(MPU6050.o)
                0x00002de4                _ZN7MPU605010initializeEv
 .text._ZN7MPU605011getDeviceIDEv
                0x00002e04       0x36 C:\Users\Charlie\Documents\GitHub\BeatBox\ArduinoCore\Debug\libArduinoCore.a(MPU6050.o)
                0x00002e04                _ZN7MPU605011getDeviceIDEv
 .text._ZN7MPU605014testConnectionEv
                0x00002e3a        0xe C:\Users\Charlie\Documents\GitHub\BeatBox\ArduinoCore\Debug\libArduinoCore.a(MPU6050.o)
                0x00002e3a                _ZN7MPU605014testConnectionEv
 .text._ZN7MPU605015setXAccelOffsetEi
                0x00002e48        0xa C:\Users\Charlie\Documents\GitHub\BeatBox\ArduinoCore\Debug\libArduinoCore.a(MPU6050.o)
                0x00002e48                _ZN7MPU605015setXAccelOffsetEi
 .text._ZN7MPU605015setYAccelOffsetEi
                0x00002e52        0xa C:\Users\Charlie\Documents\GitHub\BeatBox\ArduinoCore\Debug\libArduinoCore.a(MPU6050.o)
                0x00002e52                _ZN7MPU605015setYAccelOffsetEi
 .text._ZN7MPU605015setZAccelOffsetEi
                0x00002e5c        0xa C:\Users\Charlie\Documents\GitHub\BeatBox\ArduinoCore\Debug\libArduinoCore.a(MPU6050.o)
                0x00002e5c                _ZN7MPU605015setZAccelOffsetEi
 .text._ZN7MPU605014setXGyroOffsetEi
                0x00002e66        0xa C:\Users\Charlie\Documents\GitHub\BeatBox\ArduinoCore\Debug\libArduinoCore.a(MPU6050.o)
                0x00002e66                _ZN7MPU605014setXGyroOffsetEi
 .text._ZN7MPU605014setYGyroOffsetEi
                0x00002e70        0xa C:\Users\Charlie\Documents\GitHub\BeatBox\ArduinoCore\Debug\libArduinoCore.a(MPU6050.o)
                0x00002e70                _ZN7MPU605014setYGyroOffsetEi
 .text._ZN7MPU605014setZGyroOffsetEi
                0x00002e7a        0xa C:\Users\Charlie\Documents\GitHub\BeatBox\ArduinoCore\Debug\libArduinoCore.a(MPU6050.o)
                0x00002e7a                _ZN7MPU605014setZGyroOffsetEi
 .text._ZN6I2Cdev10writeBytesEhhhPh
                0x00002e84       0x58 C:\Users\Charlie\Documents\GitHub\BeatBox\ArduinoCore\Debug\libArduinoCore.a(I2Cdev.o)
                0x00002e84                _ZN6I2Cdev10writeBytesEhhhPh
 .text._ZN6I2Cdev9writeByteEhhh
                0x00002edc       0x1e C:\Users\Charlie\Documents\GitHub\BeatBox\ArduinoCore\Debug\libArduinoCore.a(I2Cdev.o)
                0x00002edc                _ZN6I2Cdev9writeByteEhhh
 .text._ZN6I2Cdev10writeWordsEhhhPj
                0x00002efa       0x72 C:\Users\Charlie\Documents\GitHub\BeatBox\ArduinoCore\Debug\libArduinoCore.a(I2Cdev.o)
                0x00002efa                _ZN6I2Cdev10writeWordsEhhhPj
 .text._ZN6I2Cdev9writeWordEhhj
                0x00002f6c       0x24 C:\Users\Charlie\Documents\GitHub\BeatBox\ArduinoCore\Debug\libArduinoCore.a(I2Cdev.o)
                0x00002f6c                _ZN6I2Cdev9writeWordEhhj
 .text._ZN6I2Cdev9readBytesEhhhPhj
                0x00002f90      0x154 C:\Users\Charlie\Documents\GitHub\BeatBox\ArduinoCore\Debug\libArduinoCore.a(I2Cdev.o)
                0x00002f90                _ZN6I2Cdev9readBytesEhhhPhj
 .text._ZN6I2Cdev8readByteEhhPhj
                0x000030e4       0x12 C:\Users\Charlie\Documents\GitHub\BeatBox\ArduinoCore\Debug\libArduinoCore.a(I2Cdev.o)
                0x000030e4                _ZN6I2Cdev8readByteEhhPhj
 .text._ZN6I2Cdev8readBitsEhhhhPhj
                0x000030f6       0x78 C:\Users\Charlie\Documents\GitHub\BeatBox\ArduinoCore\Debug\libArduinoCore.a(I2Cdev.o)
                0x000030f6                _ZN6I2Cdev8readBitsEhhhhPhj
 .text._ZN6I2Cdev8writeBitEhhhh
                0x0000316e       0x5c C:\Users\Charlie\Documents\GitHub\BeatBox\ArduinoCore\Debug\libArduinoCore.a(I2Cdev.o)
                0x0000316e                _ZN6I2Cdev8writeBitEhhhh
 .text._ZN6I2Cdev9writeBitsEhhhhh
                0x000031ca       0x90 C:\Users\Charlie\Documents\GitHub\BeatBox\ArduinoCore\Debug\libArduinoCore.a(I2Cdev.o)
                0x000031ca                _ZN6I2Cdev9writeBitsEhhhhh
 .text._ZN7TwoWire9availableEv
                0x0000325a       0x10 C:\Users\Charlie\Documents\GitHub\BeatBox\ArduinoCore\Debug\libArduinoCore.a(Wire.o)
                0x0000325a                _ZN7TwoWire9availableEv
 .text._ZN7TwoWire4readEv
                0x0000326a       0x28 C:\Users\Charlie\Documents\GitHub\BeatBox\ArduinoCore\Debug\libArduinoCore.a(Wire.o)
                0x0000326a                _ZN7TwoWire4readEv
 .text._ZN7TwoWire4peekEv
                0x00003292       0x1e C:\Users\Charlie\Documents\GitHub\BeatBox\ArduinoCore\Debug\libArduinoCore.a(Wire.o)
                0x00003292                _ZN7TwoWire4peekEv
 .text._ZN7TwoWire5flushEv
                0x000032b0        0x2 C:\Users\Charlie\Documents\GitHub\BeatBox\ArduinoCore\Debug\libArduinoCore.a(Wire.o)
                0x000032b0                _ZN7TwoWire5flushEv
 .text._ZN7TwoWire5writeEPKhj
                0x000032b2       0x58 C:\Users\Charlie\Documents\GitHub\BeatBox\ArduinoCore\Debug\libArduinoCore.a(Wire.o)
                0x000032b2                _ZN7TwoWire5writeEPKhj
 .text._ZN7TwoWire5writeEh
                0x0000330a       0x5c C:\Users\Charlie\Documents\GitHub\BeatBox\ArduinoCore\Debug\libArduinoCore.a(Wire.o)
                0x0000330a                _ZN7TwoWire5writeEh
 .text._ZN7TwoWireC2Ev
                0x00003366       0x20 C:\Users\Charlie\Documents\GitHub\BeatBox\ArduinoCore\Debug\libArduinoCore.a(Wire.o)
                0x00003366                _ZN7TwoWireC1Ev
                0x00003366                _ZN7TwoWireC2Ev
 .text._ZN7TwoWire5beginEv
                0x00003386       0x12 C:\Users\Charlie\Documents\GitHub\BeatBox\ArduinoCore\Debug\libArduinoCore.a(Wire.o)
                0x00003386                _ZN7TwoWire5beginEv
 .text._ZN7TwoWire11requestFromEhhh
                0x00003398       0x18 C:\Users\Charlie\Documents\GitHub\BeatBox\ArduinoCore\Debug\libArduinoCore.a(Wire.o)
                0x00003398                _ZN7TwoWire11requestFromEhhh
 .text._ZN7TwoWire11requestFromEhh
                0x000033b0        0x4 C:\Users\Charlie\Documents\GitHub\BeatBox\ArduinoCore\Debug\libArduinoCore.a(Wire.o)
                0x000033b0                _ZN7TwoWire11requestFromEhh
 .text._ZN7TwoWire17beginTransmissionEh
                0x000033b4       0x14 C:\Users\Charlie\Documents\GitHub\BeatBox\ArduinoCore\Debug\libArduinoCore.a(Wire.o)
                0x000033b4                _ZN7TwoWire17beginTransmissionEh
 .text._ZN7TwoWire15endTransmissionEh
                0x000033c8       0x24 C:\Users\Charlie\Documents\GitHub\BeatBox\ArduinoCore\Debug\libArduinoCore.a(Wire.o)
                0x000033c8                _ZN7TwoWire15endTransmissionEh
 .text._ZN7TwoWire15endTransmissionEv
                0x000033ec        0x4 C:\Users\Charlie\Documents\GitHub\BeatBox\ArduinoCore\Debug\libArduinoCore.a(Wire.o)
                0x000033ec                _ZN7TwoWire15endTransmissionEv
 .text.startup._GLOBAL__sub_I__ZN7TwoWire8rxBufferE
                0x000033f0        0x6 C:\Users\Charlie\Documents\GitHub\BeatBox\ArduinoCore\Debug\libArduinoCore.a(Wire.o)
 .text.__empty  0x000033f6        0x2 C:\Users\Charlie\Documents\GitHub\BeatBox\ArduinoCore\Debug\libArduinoCore.a(hooks.o)
                0x000033f6                yield
 .text.twi_init
                0x000033f8       0x38 C:\Users\Charlie\Documents\GitHub\BeatBox\ArduinoCore\Debug\libArduinoCore.a(twi.o)
                0x000033f8                twi_init
 .text.twi_readFrom
                0x00003430       0x88 C:\Users\Charlie\Documents\GitHub\BeatBox\ArduinoCore\Debug\libArduinoCore.a(twi.o)
                0x00003430                twi_readFrom
 .text.twi_writeTo
                0x000034b8       0xa4 C:\Users\Charlie\Documents\GitHub\BeatBox\ArduinoCore\Debug\libArduinoCore.a(twi.o)
                0x000034b8                twi_writeTo
 .text.twi_transmit
                0x0000355c       0x32 C:\Users\Charlie\Documents\GitHub\BeatBox\ArduinoCore\Debug\libArduinoCore.a(twi.o)
                0x0000355c                twi_transmit
 .text.twi_stop
                0x0000358e       0x14 C:\Users\Charlie\Documents\GitHub\BeatBox\ArduinoCore\Debug\libArduinoCore.a(twi.o)
                0x0000358e                twi_stop
 .text.twi_releaseBus
                0x000035a2        0xc C:\Users\Charlie\Documents\GitHub\BeatBox\ArduinoCore\Debug\libArduinoCore.a(twi.o)
                0x000035a2                twi_releaseBus
 .text.__vector_39
                0x000035ae      0x25c C:\Users\Charlie\Documents\GitHub\BeatBox\ArduinoCore\Debug\libArduinoCore.a(twi.o)
                0x000035ae                __vector_39
 .text.libgcc.mul
                0x0000380a       0x1e c:/program files (x86)/atmel/studio/7.0/toolchain/avr8/avr8-gnu-toolchain/bin/../lib/gcc/avr/5.4.0/avr6\libgcc.a(_mulsi3.o)
                0x0000380a                __mulsi3
 .text.libgcc.div
                0x00003828       0x26 c:/program files (x86)/atmel/studio/7.0/toolchain/avr8/avr8-gnu-toolchain/bin/../lib/gcc/avr/5.4.0/avr6\libgcc.a(_divmodhi4.o)
                0x00003828                _div
                0x00003828                __divmodhi4
 .text.libgcc.div
                0x0000384e       0x44 c:/program files (x86)/atmel/studio/7.0/toolchain/avr8/avr8-gnu-toolchain/bin/../lib/gcc/avr/5.4.0/avr6\libgcc.a(_udivmodsi4.o)
                0x0000384e                __udivmodsi4
 .text.libgcc.div
                0x00003892       0x28 c:/program files (x86)/atmel/studio/7.0/toolchain/avr8/avr8-gnu-toolchain/bin/../lib/gcc/avr/5.4.0/avr6\libgcc.a(_divmodsi4.o)
                0x00003892                __divmodsi4
 .text.libgcc.div
                0x000038ba       0x10 c:/program files (x86)/atmel/studio/7.0/toolchain/avr8/avr8-gnu-toolchain/bin/../lib/gcc/avr/5.4.0/avr6\libgcc.a(_negsi2.o)
                0x000038ba                __negsi2
 .text.libgcc   0x000038ca       0x10 c:/program files (x86)/atmel/studio/7.0/toolchain/avr8/avr8-gnu-toolchain/bin/../lib/gcc/avr/5.4.0/avr6\libgcc.a(_tablejump2.o)
                0x000038ca                __tablejump2__
 .text.libgcc.mul
                0x000038da       0x14 c:/program files (x86)/atmel/studio/7.0/toolchain/avr8/avr8-gnu-toolchain/bin/../lib/gcc/avr/5.4.0/avr6\libgcc.a(_muluhisi3.o)
                0x000038da                __muluhisi3
 .text.libgcc.div
                0x000038ee       0x28 c:/program files (x86)/atmel/studio/7.0/toolchain/avr8/avr8-gnu-toolchain/bin/../lib/gcc/avr/5.4.0/avr6\libgcc.a(_udivmodhi4.o)
                0x000038ee                __udivmodhi4
 .text.libgcc.mul
                0x00003916       0x1e c:/program files (x86)/atmel/studio/7.0/toolchain/avr8/avr8-gnu-toolchain/bin/../lib/gcc/avr/5.4.0/avr6\libgcc.a(_umulhisi3.o)
                0x00003916                __umulhisi3
                0x00003934                . = ALIGN (0x2)
 *(.fini9)
 .fini9         0x00003934        0x0 c:/program files (x86)/atmel/studio/7.0/toolchain/avr8/avr8-gnu-toolchain/bin/../lib/gcc/avr/5.4.0/avr6\libgcc.a(_exit.o)
                0x00003934                _exit
                0x00003934                exit
 *(.fini9)
 *(.fini8)
 *(.fini8)
 *(.fini7)
 *(.fini7)
 *(.fini6)
 *(.fini6)
 *(.fini5)
 *(.fini5)
 *(.fini4)
 *(.fini4)
 *(.fini3)
 *(.fini3)
 *(.fini2)
 *(.fini2)
 *(.fini1)
 *(.fini1)
 *(.fini0)
 .fini0         0x00003934        0x4 c:/program files (x86)/atmel/studio/7.0/toolchain/avr8/avr8-gnu-toolchain/bin/../lib/gcc/avr/5.4.0/avr6\libgcc.a(_exit.o)
 *(.fini0)
                0x00003938                _etext = .

.data           0x00800200       0xbc load address 0x00003938
                0x00800200                PROVIDE (__data_start, .)
 *(.data)
 *(.data*)
 .data.lightPin
                0x00800200        0xc Lights.o
                0x00800200                lightPin
 .data.midiMode
                0x0080020c        0x1 Midi.o
                0x0080020c                midiMode
 .data.noteMapping
                0x0080020d        0x8 Taps.o
                0x0080020d                noteMapping
 .data._ZN6I2Cdev11readTimeoutE
                0x00800215        0x2 C:\Users\Charlie\Documents\GitHub\BeatBox\ArduinoCore\Debug\libArduinoCore.a(I2Cdev.o)
                0x00800215                _ZN6I2Cdev11readTimeoutE
 *(.gnu.linkonce.d*)
 *(.rodata)
 *(.rodata*)
 .rodata.str1.1
                0x00800217       0x73 BeatBox.o
 .rodata.str1.1
                0x0080028a       0x11 Record.o
 .rodata._ZTV14HardwareSerial
                0x0080029b       0x10 C:\Users\Charlie\Documents\GitHub\BeatBox\ArduinoCore\Debug\libArduinoCore.a(HardwareSerial.o)
                0x0080029b                _ZTV14HardwareSerial
 .rodata._ZTV7TwoWire
                0x008002ab       0x10 C:\Users\Charlie\Documents\GitHub\BeatBox\ArduinoCore\Debug\libArduinoCore.a(Wire.o)
                0x008002ab                _ZTV7TwoWire
 *(.gnu.linkonce.r*)
                0x008002bc                . = ALIGN (0x2)
 *fill*         0x008002bb        0x1 
                0x008002bc                _edata = .
                0x008002bc                PROVIDE (__data_end, .)

.bss            0x008002bc      0x6e4
                0x008002bc                PROVIDE (__bss_start, .)
 *(.bss)
 *(.bss*)
 .bss.maxTriggerAxis
                0x008002bc        0x2 BeatBox.o
                0x008002bc                maxTriggerAxis
 .bss.maxTriggerValue
                0x008002be        0x2 BeatBox.o
                0x008002be                maxTriggerValue
 .bss.axisTriggerValues
                0x008002c0        0xc BeatBox.o
                0x008002c0                axisTriggerValues
 .bss.counter   0x008002cc        0x2 BeatBox.o
                0x008002cc                counter
 .bss.lastMicros
                0x008002ce        0x4 BeatBox.o
                0x008002ce                lastMicros
 .bss.triggerComparisonTime
                0x008002d2        0x4 BeatBox.o
                0x008002d2                triggerComparisonTime
 .bss.maxLoopMillis
                0x008002d6        0x4 BeatBox.o
                0x008002d6                maxLoopMillis
 .bss.loopMillis
                0x008002da        0x4 BeatBox.o
                0x008002da                loopMillis
 .bss.lastMillis
                0x008002de        0x4 BeatBox.o
                0x008002de                lastMillis
 .bss.accZ      0x008002e2       0x65 BeatBox.o
                0x008002e2                accZ
 .bss.accY      0x00800347       0x65 BeatBox.o
                0x00800347                accY
 .bss.accX      0x008003ac       0x65 BeatBox.o
                0x008003ac                accX
 .bss.gz        0x00800411        0x2 BeatBox.o
                0x00800411                gz
 .bss.gy        0x00800413        0x2 BeatBox.o
                0x00800413                gy
 .bss.gx        0x00800415        0x2 BeatBox.o
                0x00800415                gx
 .bss.az        0x00800417        0x2 BeatBox.o
                0x00800417                az
 .bss.ay        0x00800419        0x2 BeatBox.o
                0x00800419                ay
 .bss.ax        0x0080041b        0x2 BeatBox.o
                0x0080041b                ax
 .bss.accelgyro
                0x0080041d        0xf BeatBox.o
                0x0080041d                accelgyro
 .bss.printLoopMillis
                0x0080042c        0x1 Debug.o
                0x0080042c                printLoopMillis
 .bss.printMeanAcc
                0x0080042d        0x1 Debug.o
                0x0080042d                printMeanAcc
 .bss.printingTaps
                0x0080042e        0x1 Debug.o
                0x0080042e                printingTaps
 .bss.lightOffTime
                0x0080042f       0x18 Lights.o
                0x0080042f                lightOffTime
 .bss.lastPtr   0x00800447        0x2 Log.o
                0x00800447                lastPtr
 .bss.recPreTrigIdx
                0x00800449        0x2 Log.o
                0x00800449                recPreTrigIdx
 .bss.recPreTrigPtr
                0x0080044b        0x2 Log.o
                0x0080044b                recPreTrigPtr
 .bss.idx       0x0080044d        0x2 Log.o
                0x0080044d                idx
 .bss.trigPtr   0x0080044f        0x2 Log.o
                0x0080044f                trigPtr
 .bss.preTrigPtr
                0x00800451        0x2 Log.o
                0x00800451                preTrigPtr
 .bss.recSamples
                0x00800453        0x2 Log.o
                0x00800453                recSamples
 .bss.dataZ     0x00800455       0x80 Log.o
                0x00800455                dataZ
 .bss.dataY     0x008004d5       0x80 Log.o
                0x008004d5                dataY
 .bss.dataX     0x00800555       0x80 Log.o
                0x00800555                dataX
 .bss.beatTriggered
                0x008005d5        0x1 Play.o
                0x008005d5                beatTriggered
 .bss.qSent     0x008005d6        0x6 Play.o
                0x008005d6                qSent
 .bss.qTime     0x008005dc        0x2 Play.o
                0x008005dc                qTime
 .bss.quantization
                0x008005de        0x1 Play.o
                0x008005de                quantization
 .bss.firstBeatIdentification
                0x008005df        0x1 Record.o
                0x008005df                firstBeatIdentification
 .bss.identifying
                0x008005e0        0x1 Taps.o
                0x008005e0                identifying
 .bss.recordingTaps
                0x008005e1        0x1 Taps.o
                0x008005e1                recordingTaps
 .bss.nextBeat  0x008005e2        0x4 Taps.o
                0x008005e2                nextBeat
 .bss.nextCompass
                0x008005e6        0x4 Taps.o
                0x008005e6                nextCompass
 .bss.lastBeatIndex
                0x008005ea        0x2 Taps.o
                0x008005ea                lastBeatIndex
 .bss.beatMillis
                0x008005ec       0x80 Taps.o
                0x008005ec                beatMillis
 .bss.beatLength
                0x0080066c        0x2 Taps.o
                0x0080066c                beatLength
 .bss.compassTime
                0x0080066e        0x2 Taps.o
                0x0080066e                compassTime
 .bss.compassLength
                0x00800670        0x2 Taps.o
                0x00800670                compassLength
 .bss.compass   0x00800672        0x2 Taps.o
                0x00800672                compass
 .bss.whichTapsNow
                0x00800674       0x40 Taps.o
                0x00800674                whichTapsNow
 .bss.tapCounter
                0x008006b4        0x2 Taps.o
                0x008006b4                tapCounter
 .bss.taps      0x008006b6      0x168 Taps.o
                0x008006b6                taps
 .bss.Serial    0x0080081e       0x9d C:\Users\Charlie\Documents\GitHub\BeatBox\ArduinoCore\Debug\libArduinoCore.a(HardwareSerial0.o)
                0x0080081e                Serial
 .bss.timer0_fract
                0x008008bb        0x1 C:\Users\Charlie\Documents\GitHub\BeatBox\ArduinoCore\Debug\libArduinoCore.a(wiring.o)
 .bss.timer0_millis
                0x008008bc        0x4 C:\Users\Charlie\Documents\GitHub\BeatBox\ArduinoCore\Debug\libArduinoCore.a(wiring.o)
                0x008008bc                timer0_millis
 .bss.timer0_overflow_count
                0x008008c0        0x4 C:\Users\Charlie\Documents\GitHub\BeatBox\ArduinoCore\Debug\libArduinoCore.a(wiring.o)
                0x008008c0                timer0_overflow_count
 .bss.Wire      0x008008c4        0xc C:\Users\Charlie\Documents\GitHub\BeatBox\ArduinoCore\Debug\libArduinoCore.a(Wire.o)
                0x008008c4                Wire
 .bss._ZN7TwoWire12transmittingE
                0x008008d0        0x1 C:\Users\Charlie\Documents\GitHub\BeatBox\ArduinoCore\Debug\libArduinoCore.a(Wire.o)
                0x008008d0                _ZN7TwoWire12transmittingE
 .bss._ZN7TwoWire14txBufferLengthE
                0x008008d1        0x1 C:\Users\Charlie\Documents\GitHub\BeatBox\ArduinoCore\Debug\libArduinoCore.a(Wire.o)
                0x008008d1                _ZN7TwoWire14txBufferLengthE
 .bss._ZN7TwoWire13txBufferIndexE
                0x008008d2        0x1 C:\Users\Charlie\Documents\GitHub\BeatBox\ArduinoCore\Debug\libArduinoCore.a(Wire.o)
                0x008008d2                _ZN7TwoWire13txBufferIndexE
 .bss._ZN7TwoWire8txBufferE
                0x008008d3       0x20 C:\Users\Charlie\Documents\GitHub\BeatBox\ArduinoCore\Debug\libArduinoCore.a(Wire.o)
                0x008008d3                _ZN7TwoWire8txBufferE
 .bss._ZN7TwoWire9txAddressE
                0x008008f3        0x1 C:\Users\Charlie\Documents\GitHub\BeatBox\ArduinoCore\Debug\libArduinoCore.a(Wire.o)
                0x008008f3                _ZN7TwoWire9txAddressE
 .bss._ZN7TwoWire14rxBufferLengthE
                0x008008f4        0x1 C:\Users\Charlie\Documents\GitHub\BeatBox\ArduinoCore\Debug\libArduinoCore.a(Wire.o)
                0x008008f4                _ZN7TwoWire14rxBufferLengthE
 .bss._ZN7TwoWire13rxBufferIndexE
                0x008008f5        0x1 C:\Users\Charlie\Documents\GitHub\BeatBox\ArduinoCore\Debug\libArduinoCore.a(Wire.o)
                0x008008f5                _ZN7TwoWire13rxBufferIndexE
 .bss._ZN7TwoWire8rxBufferE
                0x008008f6       0x20 C:\Users\Charlie\Documents\GitHub\BeatBox\ArduinoCore\Debug\libArduinoCore.a(Wire.o)
                0x008008f6                _ZN7TwoWire8rxBufferE
 .bss.twi_error
                0x00800916        0x1 C:\Users\Charlie\Documents\GitHub\BeatBox\ArduinoCore\Debug\libArduinoCore.a(twi.o)
 .bss.twi_rxBufferIndex
                0x00800917        0x1 C:\Users\Charlie\Documents\GitHub\BeatBox\ArduinoCore\Debug\libArduinoCore.a(twi.o)
 .bss.twi_rxBuffer
                0x00800918       0x20 C:\Users\Charlie\Documents\GitHub\BeatBox\ArduinoCore\Debug\libArduinoCore.a(twi.o)
 .bss.twi_txBufferLength
                0x00800938        0x1 C:\Users\Charlie\Documents\GitHub\BeatBox\ArduinoCore\Debug\libArduinoCore.a(twi.o)
 .bss.twi_txBufferIndex
                0x00800939        0x1 C:\Users\Charlie\Documents\GitHub\BeatBox\ArduinoCore\Debug\libArduinoCore.a(twi.o)
 .bss.twi_txBuffer
                0x0080093a       0x20 C:\Users\Charlie\Documents\GitHub\BeatBox\ArduinoCore\Debug\libArduinoCore.a(twi.o)
 .bss.twi_masterBufferLength
                0x0080095a        0x1 C:\Users\Charlie\Documents\GitHub\BeatBox\ArduinoCore\Debug\libArduinoCore.a(twi.o)
 .bss.twi_masterBufferIndex
                0x0080095b        0x1 C:\Users\Charlie\Documents\GitHub\BeatBox\ArduinoCore\Debug\libArduinoCore.a(twi.o)
 .bss.twi_masterBuffer
                0x0080095c       0x20 C:\Users\Charlie\Documents\GitHub\BeatBox\ArduinoCore\Debug\libArduinoCore.a(twi.o)
 .bss.twi_onSlaveReceive
                0x0080097c        0x2 C:\Users\Charlie\Documents\GitHub\BeatBox\ArduinoCore\Debug\libArduinoCore.a(twi.o)
 .bss.twi_onSlaveTransmit
                0x0080097e        0x2 C:\Users\Charlie\Documents\GitHub\BeatBox\ArduinoCore\Debug\libArduinoCore.a(twi.o)
 .bss.twi_inRepStart
                0x00800980        0x1 C:\Users\Charlie\Documents\GitHub\BeatBox\ArduinoCore\Debug\libArduinoCore.a(twi.o)
 .bss.twi_sendStop
                0x00800981        0x1 C:\Users\Charlie\Documents\GitHub\BeatBox\ArduinoCore\Debug\libArduinoCore.a(twi.o)
 .bss.twi_slarw
                0x00800982        0x1 C:\Users\Charlie\Documents\GitHub\BeatBox\ArduinoCore\Debug\libArduinoCore.a(twi.o)
 .bss.twi_state
                0x00800983        0x1 C:\Users\Charlie\Documents\GitHub\BeatBox\ArduinoCore\Debug\libArduinoCore.a(twi.o)
 *(COMMON)
 COMMON         0x00800984       0x1c C:\Users\Charlie\Documents\GitHub\BeatBox\ArduinoCore\Debug\libArduinoCore.a(wiring.o)
                0x00800984                timer0_interrupt_delays
                0x0080098c                timer0_interrupt_counts
                0x00800994                timer0_interrupt_retrigger
                0x00800998                timer0_interrupt_funcs
                0x008009a0                PROVIDE (__bss_end, .)
                0x00003938                __data_load_start = LOADADDR (.data)
                0x000039f4                __data_load_end = (__data_load_start + SIZEOF (.data))

.noinit         0x008009a0        0x0
                [!provide]                PROVIDE (__noinit_start, .)
 *(.noinit*)
                [!provide]                PROVIDE (__noinit_end, .)
                0x008009a0                _end = .
                0x008009a0                PROVIDE (__heap_start, .)

.eeprom         0x00810000        0x0
 *(.eeprom*)
                0x00810000                __eeprom_end = .

.fuse
 *(.fuse)
 *(.lfuse)
 *(.hfuse)
 *(.efuse)

.lock
 *(.lock*)

.signature
 *(.signature*)

.user_signatures
 *(.user_signatures*)

.stab
 *(.stab)

.stabstr
 *(.stabstr)

.stab.excl
 *(.stab.excl)

.stab.exclstr
 *(.stab.exclstr)

.stab.index
 *(.stab.index)

.stab.indexstr
 *(.stab.indexstr)

.comment        0x00000000       0x60
 *(.comment)
 .comment       0x00000000       0x30 BeatBox.o
                                 0x31 (size before relaxing)
 .comment       0x00000030       0x31 Debug.o
 .comment       0x00000030       0x31 Lights.o
 .comment       0x00000030       0x31 Log.o
 .comment       0x00000030       0x31 Mean.o
 .comment       0x00000030       0x31 Midi.o
 .comment       0x00000030       0x31 Play.o
 .comment       0x00000030       0x31 Record.o
 .comment       0x00000030       0x31 Taps.o
 .comment       0x00000030       0x31 Trigger.o
 .comment       0x00000030       0x31 C:\Users\Charlie\Documents\GitHub\BeatBox\ArduinoCore\Debug\libArduinoCore.a(HardwareSerial.o)
 .comment       0x00000030       0x31 C:\Users\Charlie\Documents\GitHub\BeatBox\ArduinoCore\Debug\libArduinoCore.a(HardwareSerial0.o)
 .comment       0x00000030       0x31 C:\Users\Charlie\Documents\GitHub\BeatBox\ArduinoCore\Debug\libArduinoCore.a(main.o)
 .comment       0x00000030       0x31 C:\Users\Charlie\Documents\GitHub\BeatBox\ArduinoCore\Debug\libArduinoCore.a(Print.o)
 .comment       0x00000030       0x31 C:\Users\Charlie\Documents\GitHub\BeatBox\ArduinoCore\Debug\libArduinoCore.a(wiring.o)
 .comment       0x00000030       0x31 C:\Users\Charlie\Documents\GitHub\BeatBox\ArduinoCore\Debug\libArduinoCore.a(wiring_digital.o)
 .comment       0x00000030       0x31 C:\Users\Charlie\Documents\GitHub\BeatBox\ArduinoCore\Debug\libArduinoCore.a(WMath.o)
 .comment       0x00000030       0x31 C:\Users\Charlie\Documents\GitHub\BeatBox\ArduinoCore\Debug\libArduinoCore.a(MPU6050.o)
 .comment       0x00000030       0x31 C:\Users\Charlie\Documents\GitHub\BeatBox\ArduinoCore\Debug\libArduinoCore.a(I2Cdev.o)
 .comment       0x00000030       0x31 C:\Users\Charlie\Documents\GitHub\BeatBox\ArduinoCore\Debug\libArduinoCore.a(Wire.o)
 .comment       0x00000030       0x30 C:\Users\Charlie\Documents\GitHub\BeatBox\ArduinoCore\Debug\libArduinoCore.a(hooks.o)
                                 0x31 (size before relaxing)
 .comment       0x00000060       0x31 C:\Users\Charlie\Documents\GitHub\BeatBox\ArduinoCore\Debug\libArduinoCore.a(twi.o)

.note.gnu.avr.deviceinfo
                0x00000000       0x40
 .note.gnu.avr.deviceinfo
                0x00000000       0x40 C:/Program Files (x86)/Atmel/Studio/7.0/Packs/atmel/ATmega_DFP/1.1.130/gcc/dev/atmega2560/avr6/crtatmega2560.o

.note.gnu.build-id
 *(.note.gnu.build-id)

.debug
 *(.debug)

.line
 *(.line)

.debug_srcinfo
 *(.debug_srcinfo)

.debug_sfnames
 *(.debug_sfnames)

.debug_aranges  0x00000000      0xfb0
 *(.debug_aranges)
 .debug_aranges
                0x00000000       0x38 BeatBox.o
 .debug_aranges
                0x00000038       0x48 Debug.o
 .debug_aranges
                0x00000080       0x48 Lights.o
 .debug_aranges
                0x000000c8       0x38 Log.o
 .debug_aranges
                0x00000100       0x28 Mean.o
 .debug_aranges
                0x00000128       0x50 Midi.o
 .debug_aranges
                0x00000178       0x40 Play.o
 .debug_aranges
                0x000001b8       0x30 Record.o
 .debug_aranges
                0x000001e8       0x78 Taps.o
 .debug_aranges
                0x00000260       0x68 Trigger.o
 .debug_aranges
                0x000002c8       0x68 C:\Users\Charlie\Documents\GitHub\BeatBox\ArduinoCore\Debug\libArduinoCore.a(HardwareSerial.o)
 .debug_aranges
                0x00000330       0x38 C:\Users\Charlie\Documents\GitHub\BeatBox\ArduinoCore\Debug\libArduinoCore.a(HardwareSerial0.o)
 .debug_aranges
                0x00000368       0x30 C:\Users\Charlie\Documents\GitHub\BeatBox\ArduinoCore\Debug\libArduinoCore.a(main.o)
 .debug_aranges
                0x00000398       0xf0 C:\Users\Charlie\Documents\GitHub\BeatBox\ArduinoCore\Debug\libArduinoCore.a(Print.o)
 .debug_aranges
                0x00000488       0x60 C:\Users\Charlie\Documents\GitHub\BeatBox\ArduinoCore\Debug\libArduinoCore.a(wiring.o)
 .debug_aranges
                0x000004e8       0x38 C:\Users\Charlie\Documents\GitHub\BeatBox\ArduinoCore\Debug\libArduinoCore.a(wiring_digital.o)
 .debug_aranges
                0x00000520       0x48 C:\Users\Charlie\Documents\GitHub\BeatBox\ArduinoCore\Debug\libArduinoCore.a(WMath.o)
 .debug_aranges
                0x00000568      0x840 C:\Users\Charlie\Documents\GitHub\BeatBox\ArduinoCore\Debug\libArduinoCore.a(MPU6050.o)
 .debug_aranges
                0x00000da8       0xa0 C:\Users\Charlie\Documents\GitHub\BeatBox\ArduinoCore\Debug\libArduinoCore.a(I2Cdev.o)
 .debug_aranges
                0x00000e48       0xd8 C:\Users\Charlie\Documents\GitHub\BeatBox\ArduinoCore\Debug\libArduinoCore.a(Wire.o)
 .debug_aranges
                0x00000f20       0x20 C:\Users\Charlie\Documents\GitHub\BeatBox\ArduinoCore\Debug\libArduinoCore.a(hooks.o)
 .debug_aranges
                0x00000f40       0x70 C:\Users\Charlie\Documents\GitHub\BeatBox\ArduinoCore\Debug\libArduinoCore.a(twi.o)

.debug_pubnames
 *(.debug_pubnames)

.debug_info     0x00000000    0x1a682
 *(.debug_info .gnu.linkonce.wi.*)
 .debug_info    0x00000000      0xbbc C:/Program Files (x86)/Atmel/Studio/7.0/Packs/atmel/ATmega_DFP/1.1.130/gcc/dev/atmega2560/avr6/crtatmega2560.o
 .debug_info    0x00000bbc     0x2f0c BeatBox.o
 .debug_info    0x00003ac8      0xa67 Debug.o
 .debug_info    0x0000452f      0x4c1 Lights.o
 .debug_info    0x000049f0      0x975 Log.o
 .debug_info    0x00005365      0x279 Mean.o
 .debug_info    0x000055de      0x67f Midi.o
 .debug_info    0x00005c5d      0x519 Play.o
 .debug_info    0x00006176      0xa05 Record.o
 .debug_info    0x00006b7b      0x77d Taps.o
 .debug_info    0x000072f8      0x77f Trigger.o
 .debug_info    0x00007a77     0x1bf4 C:\Users\Charlie\Documents\GitHub\BeatBox\ArduinoCore\Debug\libArduinoCore.a(HardwareSerial.o)
 .debug_info    0x0000966b     0x1783 C:\Users\Charlie\Documents\GitHub\BeatBox\ArduinoCore\Debug\libArduinoCore.a(HardwareSerial0.o)
 .debug_info    0x0000adee      0x25f C:\Users\Charlie\Documents\GitHub\BeatBox\ArduinoCore\Debug\libArduinoCore.a(main.o)
 .debug_info    0x0000b04d     0x25dd C:\Users\Charlie\Documents\GitHub\BeatBox\ArduinoCore\Debug\libArduinoCore.a(Print.o)
 .debug_info    0x0000d62a      0x4da C:\Users\Charlie\Documents\GitHub\BeatBox\ArduinoCore\Debug\libArduinoCore.a(wiring.o)
 .debug_info    0x0000db04      0x63a C:\Users\Charlie\Documents\GitHub\BeatBox\ArduinoCore\Debug\libArduinoCore.a(wiring_digital.o)
 .debug_info    0x0000e13e      0x216 C:\Users\Charlie\Documents\GitHub\BeatBox\ArduinoCore\Debug\libArduinoCore.a(WMath.o)
 .debug_info    0x0000e354     0x8982 C:\Users\Charlie\Documents\GitHub\BeatBox\ArduinoCore\Debug\libArduinoCore.a(MPU6050.o)
 .debug_info    0x00016cd6     0x11c7 C:\Users\Charlie\Documents\GitHub\BeatBox\ArduinoCore\Debug\libArduinoCore.a(I2Cdev.o)
 .debug_info    0x00017e9d     0x21c4 C:\Users\Charlie\Documents\GitHub\BeatBox\ArduinoCore\Debug\libArduinoCore.a(Wire.o)
 .debug_info    0x0001a061       0x3e C:\Users\Charlie\Documents\GitHub\BeatBox\ArduinoCore\Debug\libArduinoCore.a(hooks.o)
 .debug_info    0x0001a09f      0x5e3 C:\Users\Charlie\Documents\GitHub\BeatBox\ArduinoCore\Debug\libArduinoCore.a(twi.o)

.debug_abbrev   0x00000000     0x3a8b
 *(.debug_abbrev)
 .debug_abbrev  0x00000000      0xb1a C:/Program Files (x86)/Atmel/Studio/7.0/Packs/atmel/ATmega_DFP/1.1.130/gcc/dev/atmega2560/avr6/crtatmega2560.o
 .debug_abbrev  0x00000b1a      0x2c1 BeatBox.o
 .debug_abbrev  0x00000ddb      0x1b0 Debug.o
 .debug_abbrev  0x00000f8b      0x134 Lights.o
 .debug_abbrev  0x000010bf      0x1cd Log.o
 .debug_abbrev  0x0000128c       0xfd Mean.o
 .debug_abbrev  0x00001389      0x1f5 Midi.o
 .debug_abbrev  0x0000157e      0x1af Play.o
 .debug_abbrev  0x0000172d      0x1cf Record.o
 .debug_abbrev  0x000018fc      0x24a Taps.o
 .debug_abbrev  0x00001b46      0x22f Trigger.o
 .debug_abbrev  0x00001d75      0x3da C:\Users\Charlie\Documents\GitHub\BeatBox\ArduinoCore\Debug\libArduinoCore.a(HardwareSerial.o)
 .debug_abbrev  0x0000214f      0x353 C:\Users\Charlie\Documents\GitHub\BeatBox\ArduinoCore\Debug\libArduinoCore.a(HardwareSerial0.o)
 .debug_abbrev  0x000024a2       0xfa C:\Users\Charlie\Documents\GitHub\BeatBox\ArduinoCore\Debug\libArduinoCore.a(main.o)
 .debug_abbrev  0x0000259c      0x413 C:\Users\Charlie\Documents\GitHub\BeatBox\ArduinoCore\Debug\libArduinoCore.a(Print.o)
 .debug_abbrev  0x000029af      0x1a9 C:\Users\Charlie\Documents\GitHub\BeatBox\ArduinoCore\Debug\libArduinoCore.a(wiring.o)
 .debug_abbrev  0x00002b58      0x15a C:\Users\Charlie\Documents\GitHub\BeatBox\ArduinoCore\Debug\libArduinoCore.a(wiring_digital.o)
 .debug_abbrev  0x00002cb2      0x12b C:\Users\Charlie\Documents\GitHub\BeatBox\ArduinoCore\Debug\libArduinoCore.a(WMath.o)
 .debug_abbrev  0x00002ddd      0x2d4 C:\Users\Charlie\Documents\GitHub\BeatBox\ArduinoCore\Debug\libArduinoCore.a(MPU6050.o)
 .debug_abbrev  0x000030b1      0x29c C:\Users\Charlie\Documents\GitHub\BeatBox\ArduinoCore\Debug\libArduinoCore.a(I2Cdev.o)
 .debug_abbrev  0x0000334d      0x4c2 C:\Users\Charlie\Documents\GitHub\BeatBox\ArduinoCore\Debug\libArduinoCore.a(Wire.o)
 .debug_abbrev  0x0000380f       0x2a C:\Users\Charlie\Documents\GitHub\BeatBox\ArduinoCore\Debug\libArduinoCore.a(hooks.o)
 .debug_abbrev  0x00003839      0x252 C:\Users\Charlie\Documents\GitHub\BeatBox\ArduinoCore\Debug\libArduinoCore.a(twi.o)

.debug_line     0x00000000     0x6dc7
 *(.debug_line .debug_line.* .debug_line_end)
 .debug_line    0x00000000      0x1f9 C:/Program Files (x86)/Atmel/Studio/7.0/Packs/atmel/ATmega_DFP/1.1.130/gcc/dev/atmega2560/avr6/crtatmega2560.o
 .debug_line    0x000001f9      0x391 BeatBox.o
 .debug_line    0x0000058a      0x4c0 Debug.o
 .debug_line    0x00000a4a      0x27c Lights.o
 .debug_line    0x00000cc6      0x437 Log.o
 .debug_line    0x000010fd      0x121 Mean.o
 .debug_line    0x0000121e      0x296 Midi.o
 .debug_line    0x000014b4      0x2ea Play.o
 .debug_line    0x0000179e      0x441 Record.o
 .debug_line    0x00001bdf      0x3bc Taps.o
 .debug_line    0x00001f9b      0x53d Trigger.o
 .debug_line    0x000024d8      0x49c C:\Users\Charlie\Documents\GitHub\BeatBox\ArduinoCore\Debug\libArduinoCore.a(HardwareSerial.o)
 .debug_line    0x00002974      0x26c C:\Users\Charlie\Documents\GitHub\BeatBox\ArduinoCore\Debug\libArduinoCore.a(HardwareSerial0.o)
 .debug_line    0x00002be0      0x15e C:\Users\Charlie\Documents\GitHub\BeatBox\ArduinoCore\Debug\libArduinoCore.a(main.o)
 .debug_line    0x00002d3e      0x613 C:\Users\Charlie\Documents\GitHub\BeatBox\ArduinoCore\Debug\libArduinoCore.a(Print.o)
 .debug_line    0x00003351      0x451 C:\Users\Charlie\Documents\GitHub\BeatBox\ArduinoCore\Debug\libArduinoCore.a(wiring.o)
 .debug_line    0x000037a2      0x284 C:\Users\Charlie\Documents\GitHub\BeatBox\ArduinoCore\Debug\libArduinoCore.a(wiring_digital.o)
 .debug_line    0x00003a26      0x143 C:\Users\Charlie\Documents\GitHub\BeatBox\ArduinoCore\Debug\libArduinoCore.a(WMath.o)
 .debug_line    0x00003b69     0x2255 C:\Users\Charlie\Documents\GitHub\BeatBox\ArduinoCore\Debug\libArduinoCore.a(MPU6050.o)
 .debug_line    0x00005dbe      0x611 C:\Users\Charlie\Documents\GitHub\BeatBox\ArduinoCore\Debug\libArduinoCore.a(I2Cdev.o)
 .debug_line    0x000063cf      0x51b C:\Users\Charlie\Documents\GitHub\BeatBox\ArduinoCore\Debug\libArduinoCore.a(Wire.o)
 .debug_line    0x000068ea       0x41 C:\Users\Charlie\Documents\GitHub\BeatBox\ArduinoCore\Debug\libArduinoCore.a(hooks.o)
 .debug_line    0x0000692b      0x49c C:\Users\Charlie\Documents\GitHub\BeatBox\ArduinoCore\Debug\libArduinoCore.a(twi.o)

.debug_frame    0x00000000     0x34e0
 *(.debug_frame)
 .debug_frame   0x00000000       0x9c BeatBox.o
 .debug_frame   0x0000009c       0x8c Debug.o
 .debug_frame   0x00000128      0x180 Lights.o
 .debug_frame   0x000002a8       0x94 Log.o
 .debug_frame   0x0000033c       0x40 Mean.o
 .debug_frame   0x0000037c       0xfc Midi.o
 .debug_frame   0x00000478       0x8c Play.o
 .debug_frame   0x00000504       0x94 Record.o
 .debug_frame   0x00000598      0x100 Taps.o
 .debug_frame   0x00000698      0x128 Trigger.o
 .debug_frame   0x000007c0      0x104 C:\Users\Charlie\Documents\GitHub\BeatBox\ArduinoCore\Debug\libArduinoCore.a(HardwareSerial.o)
 .debug_frame   0x000008c4       0xc0 C:\Users\Charlie\Documents\GitHub\BeatBox\ArduinoCore\Debug\libArduinoCore.a(HardwareSerial0.o)
 .debug_frame   0x00000984       0x44 C:\Users\Charlie\Documents\GitHub\BeatBox\ArduinoCore\Debug\libArduinoCore.a(main.o)
 .debug_frame   0x000009c8      0x3ac C:\Users\Charlie\Documents\GitHub\BeatBox\ArduinoCore\Debug\libArduinoCore.a(Print.o)
 .debug_frame   0x00000d74      0x13c C:\Users\Charlie\Documents\GitHub\BeatBox\ArduinoCore\Debug\libArduinoCore.a(wiring.o)
 .debug_frame   0x00000eb0       0x7c C:\Users\Charlie\Documents\GitHub\BeatBox\ArduinoCore\Debug\libArduinoCore.a(wiring_digital.o)
 .debug_frame   0x00000f2c       0xf4 C:\Users\Charlie\Documents\GitHub\BeatBox\ArduinoCore\Debug\libArduinoCore.a(WMath.o)
 .debug_frame   0x00001020     0x1de0 C:\Users\Charlie\Documents\GitHub\BeatBox\ArduinoCore\Debug\libArduinoCore.a(MPU6050.o)
 .debug_frame   0x00002e00      0x3bc C:\Users\Charlie\Documents\GitHub\BeatBox\ArduinoCore\Debug\libArduinoCore.a(I2Cdev.o)
 .debug_frame   0x000031bc      0x1ec C:\Users\Charlie\Documents\GitHub\BeatBox\ArduinoCore\Debug\libArduinoCore.a(Wire.o)
 .debug_frame   0x000033a8       0x24 C:\Users\Charlie\Documents\GitHub\BeatBox\ArduinoCore\Debug\libArduinoCore.a(hooks.o)
 .debug_frame   0x000033cc      0x114 C:\Users\Charlie\Documents\GitHub\BeatBox\ArduinoCore\Debug\libArduinoCore.a(twi.o)

.debug_str      0x00000000     0x6eef
 *(.debug_str)
 .debug_str     0x00000000      0x3e6 C:/Program Files (x86)/Atmel/Studio/7.0/Packs/atmel/ATmega_DFP/1.1.130/gcc/dev/atmega2560/avr6/crtatmega2560.o
 .debug_str     0x000003e6     0x3cfc BeatBox.o
                               0x3d95 (size before relaxing)
 .debug_str     0x000040e2      0x33a Debug.o
                                0x5e3 (size before relaxing)
 .debug_str     0x0000441c       0xf8 Lights.o
                                0x2f4 (size before relaxing)
 .debug_str     0x00004514       0xe9 Log.o
                                0x4eb (size before relaxing)
 .debug_str     0x000045fd       0x6a Mean.o
                                0x26a (size before relaxing)
 .debug_str     0x00004667      0x107 Midi.o
                                0x36d (size before relaxing)
 .debug_str     0x0000476e       0xeb Play.o
                                0x395 (size before relaxing)
 .debug_str     0x00004859      0x14f Record.o
                                0x6c0 (size before relaxing)
 .debug_str     0x000049a8       0xa2 Taps.o
                                0x4ec (size before relaxing)
 .debug_str     0x00004a4a       0x85 Trigger.o
                                0x52a (size before relaxing)
 .debug_str     0x00004acf     0x11fe C:\Users\Charlie\Documents\GitHub\BeatBox\ArduinoCore\Debug\libArduinoCore.a(HardwareSerial.o)
                               0x13eb (size before relaxing)
 .debug_str     0x00005ccd       0x55 C:\Users\Charlie\Documents\GitHub\BeatBox\ArduinoCore\Debug\libArduinoCore.a(HardwareSerial0.o)
                               0x1100 (size before relaxing)
 .debug_str     0x00005d22       0x32 C:\Users\Charlie\Documents\GitHub\BeatBox\ArduinoCore\Debug\libArduinoCore.a(main.o)
                                0x24a (size before relaxing)
 .debug_str     0x00005d54      0x2f4 C:\Users\Charlie\Documents\GitHub\BeatBox\ArduinoCore\Debug\libArduinoCore.a(Print.o)
                                0xf70 (size before relaxing)
 .debug_str     0x00006048      0x1fd C:\Users\Charlie\Documents\GitHub\BeatBox\ArduinoCore\Debug\libArduinoCore.a(wiring.o)
                                0x302 (size before relaxing)
 .debug_str     0x00006245       0xc7 C:\Users\Charlie\Documents\GitHub\BeatBox\ArduinoCore\Debug\libArduinoCore.a(wiring_digital.o)
                                0x29d (size before relaxing)
 .debug_str     0x0000630c       0xac C:\Users\Charlie\Documents\GitHub\BeatBox\ArduinoCore\Debug\libArduinoCore.a(WMath.o)
                                0x225 (size before relaxing)
 .debug_str     0x000063b8      0x3a7 C:\Users\Charlie\Documents\GitHub\BeatBox\ArduinoCore\Debug\libArduinoCore.a(MPU6050.o)
                               0x3d6e (size before relaxing)
 .debug_str     0x0000675f      0x12c C:\Users\Charlie\Documents\GitHub\BeatBox\ArduinoCore\Debug\libArduinoCore.a(I2Cdev.o)
                                0x60b (size before relaxing)
 .debug_str     0x0000688b      0x442 C:\Users\Charlie\Documents\GitHub\BeatBox\ArduinoCore\Debug\libArduinoCore.a(Wire.o)
                               0x1556 (size before relaxing)
 .debug_str     0x00006ccd       0xe5 C:\Users\Charlie\Documents\GitHub\BeatBox\ArduinoCore\Debug\libArduinoCore.a(hooks.o)
                                0x12b (size before relaxing)
 .debug_str     0x00006db2      0x13d C:\Users\Charlie\Documents\GitHub\BeatBox\ArduinoCore\Debug\libArduinoCore.a(twi.o)
                                0x37e (size before relaxing)

.debug_loc      0x00000000     0xfacc
 *(.debug_loc)
 .debug_loc     0x00000000      0x165 BeatBox.o
 .debug_loc     0x00000165       0xed Debug.o
 .debug_loc     0x00000252      0x50c Lights.o
 .debug_loc     0x0000075e      0x233 Log.o
 .debug_loc     0x00000991       0x89 Mean.o
 .debug_loc     0x00000a1a      0x4a3 Midi.o
 .debug_loc     0x00000ebd      0x2a8 Play.o
 .debug_loc     0x00001165      0x11e Record.o
 .debug_loc     0x00001283      0x20e Taps.o
 .debug_loc     0x00001491      0x63e Trigger.o
 .debug_loc     0x00001acf      0x445 C:\Users\Charlie\Documents\GitHub\BeatBox\ArduinoCore\Debug\libArduinoCore.a(HardwareSerial.o)
 .debug_loc     0x00001f14      0x18a C:\Users\Charlie\Documents\GitHub\BeatBox\ArduinoCore\Debug\libArduinoCore.a(HardwareSerial0.o)
 .debug_loc     0x0000209e       0x26 C:\Users\Charlie\Documents\GitHub\BeatBox\ArduinoCore\Debug\libArduinoCore.a(main.o)
 .debug_loc     0x000020c4     0x1cdb C:\Users\Charlie\Documents\GitHub\BeatBox\ArduinoCore\Debug\libArduinoCore.a(Print.o)
 .debug_loc     0x00003d9f      0x5c1 C:\Users\Charlie\Documents\GitHub\BeatBox\ArduinoCore\Debug\libArduinoCore.a(wiring.o)
 .debug_loc     0x00004360      0x56b C:\Users\Charlie\Documents\GitHub\BeatBox\ArduinoCore\Debug\libArduinoCore.a(wiring_digital.o)
 .debug_loc     0x000048cb      0x3da C:\Users\Charlie\Documents\GitHub\BeatBox\ArduinoCore\Debug\libArduinoCore.a(WMath.o)
 .debug_loc     0x00004ca5     0x8af4 C:\Users\Charlie\Documents\GitHub\BeatBox\ArduinoCore\Debug\libArduinoCore.a(MPU6050.o)
 .debug_loc     0x0000d799     0x166b C:\Users\Charlie\Documents\GitHub\BeatBox\ArduinoCore\Debug\libArduinoCore.a(I2Cdev.o)
 .debug_loc     0x0000ee04      0x933 C:\Users\Charlie\Documents\GitHub\BeatBox\ArduinoCore\Debug\libArduinoCore.a(Wire.o)
 .debug_loc     0x0000f737      0x395 C:\Users\Charlie\Documents\GitHub\BeatBox\ArduinoCore\Debug\libArduinoCore.a(twi.o)

.debug_macinfo
 *(.debug_macinfo)

.debug_weaknames
 *(.debug_weaknames)

.debug_funcnames
 *(.debug_funcnames)

.debug_typenames
 *(.debug_typenames)

.debug_varnames
 *(.debug_varnames)

.debug_pubtypes
 *(.debug_pubtypes)

.debug_ranges   0x00000000      0xf38
 *(.debug_ranges)
 .debug_ranges  0x00000000       0x28 BeatBox.o
 .debug_ranges  0x00000028       0x38 Debug.o
 .debug_ranges  0x00000060       0x38 Lights.o
 .debug_ranges  0x00000098       0x28 Log.o
 .debug_ranges  0x000000c0       0x18 Mean.o
 .debug_ranges  0x000000d8       0x40 Midi.o
 .debug_ranges  0x00000118       0x48 Play.o
 .debug_ranges  0x00000160       0x20 Record.o
 .debug_ranges  0x00000180       0x68 Taps.o
 .debug_ranges  0x000001e8       0x88 Trigger.o
 .debug_ranges  0x00000270       0x58 C:\Users\Charlie\Documents\GitHub\BeatBox\ArduinoCore\Debug\libArduinoCore.a(HardwareSerial.o)
 .debug_ranges  0x000002c8       0x28 C:\Users\Charlie\Documents\GitHub\BeatBox\ArduinoCore\Debug\libArduinoCore.a(HardwareSerial0.o)
 .debug_ranges  0x000002f0       0x20 C:\Users\Charlie\Documents\GitHub\BeatBox\ArduinoCore\Debug\libArduinoCore.a(main.o)
 .debug_ranges  0x00000310      0x110 C:\Users\Charlie\Documents\GitHub\BeatBox\ArduinoCore\Debug\libArduinoCore.a(Print.o)
 .debug_ranges  0x00000420       0x50 C:\Users\Charlie\Documents\GitHub\BeatBox\ArduinoCore\Debug\libArduinoCore.a(wiring.o)
 .debug_ranges  0x00000470       0x28 C:\Users\Charlie\Documents\GitHub\BeatBox\ArduinoCore\Debug\libArduinoCore.a(wiring_digital.o)
 .debug_ranges  0x00000498       0x38 C:\Users\Charlie\Documents\GitHub\BeatBox\ArduinoCore\Debug\libArduinoCore.a(WMath.o)
 .debug_ranges  0x000004d0      0x830 C:\Users\Charlie\Documents\GitHub\BeatBox\ArduinoCore\Debug\libArduinoCore.a(MPU6050.o)
 .debug_ranges  0x00000d00      0x100 C:\Users\Charlie\Documents\GitHub\BeatBox\ArduinoCore\Debug\libArduinoCore.a(I2Cdev.o)
 .debug_ranges  0x00000e00       0xc8 C:\Users\Charlie\Documents\GitHub\BeatBox\ArduinoCore\Debug\libArduinoCore.a(Wire.o)
 .debug_ranges  0x00000ec8       0x10 C:\Users\Charlie\Documents\GitHub\BeatBox\ArduinoCore\Debug\libArduinoCore.a(hooks.o)
 .debug_ranges  0x00000ed8       0x60 C:\Users\Charlie\Documents\GitHub\BeatBox\ArduinoCore\Debug\libArduinoCore.a(twi.o)

.debug_macro
 *(.debug_macro)
OUTPUT(GccApplication1.elf elf32-avr)
LOAD linker stubs
